actions/user.ts(25,24): error TS2304: Cannot find name 'email'.
actions/user.ts(26,23): error TS1345: An expression of type 'void' cannot be tested for truthiness.
app/api/auth/hellostores/verify/route.ts(3,36): error TS2307: Cannot find module '@/lib/auth-server-utils' or its corresponding type declarations.
app/api/auth/redefine/verify/route.ts(3,36): error TS2307: Cannot find module '@/lib/auth-server-utils' or its corresponding type declarations.
app/api/folders/[id]/route.ts(11,17): error TS2339: Property 'userId' does not exist on type 'SessionAuthWithRedirect | InvalidTokenAuthObject | ((({ id: string; subject: string; scopes: string[]; getToken: () => Promise<string>; has: CheckAuthorizationFromSessionClaims; debug: AuthObjectDebug; tokenType: "api_key"; isAuthenticated: true; } & ({ ...; } | { ...; })) | ... 4 more ... | ({ ...; } & { ...; })) &...'.
app/api/folders/[id]/route.ts(11,39): error TS2769: No overload matches this call.
  The last overload gave the following error.
    Type 'Request' has no properties in common with type 'PendingSessionOptions'.
app/api/folders/route.ts(7,17): error TS2339: Property 'userId' does not exist on type 'SessionAuthWithRedirect | InvalidTokenAuthObject | ((({ id: string; subject: string; scopes: string[]; getToken: () => Promise<string>; has: CheckAuthorizationFromSessionClaims; debug: AuthObjectDebug; tokenType: "api_key"; isAuthenticated: true; } & ({ ...; } | { ...; })) | ... 4 more ... | ({ ...; } & { ...; })) &...'.
app/api/folders/route.ts(7,39): error TS2769: No overload matches this call.
  The last overload gave the following error.
    Type 'Request' has no properties in common with type 'PendingSessionOptions'.
app/api/folders/route.ts(37,17): error TS2339: Property 'userId' does not exist on type 'SessionAuthWithRedirect | InvalidTokenAuthObject | ((({ id: string; subject: string; scopes: string[]; getToken: () => Promise<string>; has: CheckAuthorizationFromSessionClaims; debug: AuthObjectDebug; tokenType: "api_key"; isAuthenticated: true; } & ({ ...; } | { ...; })) | ... 4 more ... | ({ ...; } & { ...; })) &...'.
app/api/folders/route.ts(37,39): error TS2769: No overload matches this call.
  The last overload gave the following error.
    Type 'Request' has no properties in common with type 'PendingSessionOptions'.
app/api/media/[id]/route.ts(11,17): error TS2339: Property 'userId' does not exist on type 'SessionAuthWithRedirect | InvalidTokenAuthObject | ((({ id: string; subject: string; scopes: string[]; getToken: () => Promise<string>; has: CheckAuthorizationFromSessionClaims; debug: AuthObjectDebug; tokenType: "api_key"; isAuthenticated: true; } & ({ ...; } | { ...; })) | ... 4 more ... | ({ ...; } & { ...; })) &...'.
app/api/media/[id]/route.ts(11,39): error TS2769: No overload matches this call.
  The last overload gave the following error.
    Type 'Request' has no properties in common with type 'PendingSessionOptions'.
app/api/media/route.ts(7,17): error TS2339: Property 'userId' does not exist on type 'SessionAuthWithRedirect | InvalidTokenAuthObject | ((({ id: string; subject: string; scopes: string[]; getToken: () => Promise<string>; has: CheckAuthorizationFromSessionClaims; debug: AuthObjectDebug; tokenType: "api_key"; isAuthenticated: true; } & ({ ...; } | { ...; })) | ... 4 more ... | ({ ...; } & { ...; })) &...'.
app/api/media/route.ts(7,39): error TS2769: No overload matches this call.
  The last overload gave the following error.
    Type 'Request' has no properties in common with type 'PendingSessionOptions'.
app/api/media/route.ts(37,17): error TS2339: Property 'userId' does not exist on type 'SessionAuthWithRedirect | InvalidTokenAuthObject | ((({ id: string; subject: string; scopes: string[]; getToken: () => Promise<string>; has: CheckAuthorizationFromSessionClaims; debug: AuthObjectDebug; tokenType: "api_key"; isAuthenticated: true; } & ({ ...; } | { ...; })) | ... 4 more ... | ({ ...; } & { ...; })) &...'.
app/api/media/route.ts(37,39): error TS2769: No overload matches this call.
  The last overload gave the following error.
    Type 'Request' has no properties in common with type 'PendingSessionOptions'.
app/api/schedule/[id]/route.ts(1,10): error TS2300: Duplicate identifier 'NextResponse'.
app/api/schedule/[id]/route.ts(3,23): error TS2300: Duplicate identifier 'NextResponse'.
app/api/schedule/[id]/route.ts(11,17): error TS2339: Property 'userId' does not exist on type 'SessionAuthWithRedirect | InvalidTokenAuthObject | ((({ id: string; subject: string; scopes: string[]; getToken: () => Promise<string>; has: CheckAuthorizationFromSessionClaims; debug: AuthObjectDebug; tokenType: "api_key"; isAuthenticated: true; } & ({ ...; } | { ...; })) | ... 4 more ... | ({ ...; } & { ...; })) &...'.
app/api/schedule/[id]/route.ts(11,39): error TS2769: No overload matches this call.
  The last overload gave the following error.
    Type 'NextRequest' has no properties in common with type 'PendingSessionOptions'.
app/api/schedule/[id]/route.ts(55,17): error TS2339: Property 'userId' does not exist on type 'SessionAuthWithRedirect | InvalidTokenAuthObject | ((({ id: string; subject: string; scopes: string[]; getToken: () => Promise<string>; has: CheckAuthorizationFromSessionClaims; debug: AuthObjectDebug; tokenType: "api_key"; isAuthenticated: true; } & ({ ...; } | { ...; })) | ... 4 more ... | ({ ...; } & { ...; })) &...'.
app/api/schedule/[id]/route.ts(55,39): error TS2769: No overload matches this call.
  The last overload gave the following error.
    Type 'NextRequest' has no properties in common with type 'PendingSessionOptions'.
app/api/schedule/route.ts(1,10): error TS2300: Duplicate identifier 'NextResponse'.
app/api/schedule/route.ts(3,23): error TS2300: Duplicate identifier 'NextResponse'.
app/api/schedule/route.ts(8,17): error TS2339: Property 'userId' does not exist on type 'SessionAuthWithRedirect | InvalidTokenAuthObject | ((({ id: string; subject: string; scopes: string[]; getToken: () => Promise<string>; has: CheckAuthorizationFromSessionClaims; debug: AuthObjectDebug; tokenType: "api_key"; isAuthenticated: true; } & ({ ...; } | { ...; })) | ... 4 more ... | ({ ...; } & { ...; })) &...'.
app/api/schedule/route.ts(8,39): error TS2769: No overload matches this call.
  The last overload gave the following error.
    Type 'Request' has no properties in common with type 'PendingSessionOptions'.
app/api/schedule/route.ts(45,17): error TS2339: Property 'userId' does not exist on type 'SessionAuthWithRedirect | InvalidTokenAuthObject | ((({ id: string; subject: string; scopes: string[]; getToken: () => Promise<string>; has: CheckAuthorizationFromSessionClaims; debug: AuthObjectDebug; tokenType: "api_key"; isAuthenticated: true; } & ({ ...; } | { ...; })) | ... 4 more ... | ({ ...; } & { ...; })) &...'.
app/api/schedule/route.ts(45,39): error TS2769: No overload matches this call.
  The last overload gave the following error.
    Type 'NextRequest' has no properties in common with type 'PendingSessionOptions'.
app/api/series/[id]/route.ts(10,17): error TS2339: Property 'userId' does not exist on type 'SessionAuthWithRedirect | InvalidTokenAuthObject | ((({ id: string; subject: string; scopes: string[]; getToken: () => Promise<string>; has: CheckAuthorizationFromSessionClaims; debug: AuthObjectDebug; tokenType: "api_key"; isAuthenticated: true; } & ({ ...; } | { ...; })) | ... 4 more ... | ({ ...; } & { ...; })) &...'.
app/api/series/[id]/route.ts(10,39): error TS2769: No overload matches this call.
  The last overload gave the following error.
    Type 'Request' has no properties in common with type 'PendingSessionOptions'.
app/api/series/[id]/route.ts(39,17): error TS2339: Property 'userId' does not exist on type 'SessionAuthWithRedirect | InvalidTokenAuthObject | ((({ id: string; subject: string; scopes: string[]; getToken: () => Promise<string>; has: CheckAuthorizationFromSessionClaims; debug: AuthObjectDebug; tokenType: "api_key"; isAuthenticated: true; } & ({ ...; } | { ...; })) | ... 4 more ... | ({ ...; } & { ...; })) &...'.
app/api/series/[id]/route.ts(39,39): error TS2769: No overload matches this call.
  The last overload gave the following error.
    Type 'Request' has no properties in common with type 'PendingSessionOptions'.
app/api/series/[id]/route.ts(67,17): error TS2339: Property 'userId' does not exist on type 'SessionAuthWithRedirect | InvalidTokenAuthObject | ((({ id: string; subject: string; scopes: string[]; getToken: () => Promise<string>; has: CheckAuthorizationFromSessionClaims; debug: AuthObjectDebug; tokenType: "api_key"; isAuthenticated: true; } & ({ ...; } | { ...; })) | ... 4 more ... | ({ ...; } & { ...; })) &...'.
app/api/series/[id]/route.ts(67,39): error TS2769: No overload matches this call.
  The last overload gave the following error.
    Type 'Request' has no properties in common with type 'PendingSessionOptions'.
app/api/series/route.ts(7,17): error TS2339: Property 'userId' does not exist on type 'SessionAuthWithRedirect | InvalidTokenAuthObject | ((({ id: string; subject: string; scopes: string[]; getToken: () => Promise<string>; has: CheckAuthorizationFromSessionClaims; debug: AuthObjectDebug; tokenType: "api_key"; isAuthenticated: true; } & ({ ...; } | { ...; })) | ... 4 more ... | ({ ...; } & { ...; })) &...'.
app/api/series/route.ts(7,39): error TS2769: No overload matches this call.
  The last overload gave the following error.
    Type 'Request' has no properties in common with type 'PendingSessionOptions'.
app/api/series/route.ts(51,17): error TS2339: Property 'userId' does not exist on type 'SessionAuthWithRedirect | InvalidTokenAuthObject | ((({ id: string; subject: string; scopes: string[]; getToken: () => Promise<string>; has: CheckAuthorizationFromSessionClaims; debug: AuthObjectDebug; tokenType: "api_key"; isAuthenticated: true; } & ({ ...; } | { ...; })) | ... 4 more ... | ({ ...; } & { ...; })) &...'.
app/api/series/route.ts(51,39): error TS2769: No overload matches this call.
  The last overload gave the following error.
    Type 'Request' has no properties in common with type 'PendingSessionOptions'.
app/api/settings/account/delete/route.ts(9,17): error TS2339: Property 'userId' does not exist on type 'SessionAuthWithRedirect | InvalidTokenAuthObject | ((({ id: string; subject: string; scopes: string[]; getToken: () => Promise<string>; has: CheckAuthorizationFromSessionClaims; debug: AuthObjectDebug; tokenType: "api_key"; isAuthenticated: true; } & ({ ...; } | { ...; })) | ... 4 more ... | ({ ...; } & { ...; })) &...'.
app/api/settings/account/delete/route.ts(9,39): error TS2769: No overload matches this call.
  The last overload gave the following error.
    Type 'Request' has no properties in common with type 'PendingSessionOptions'.
app/api/settings/social/connect/facebook/route.ts(7,17): error TS2339: Property 'userId' does not exist on type 'SessionAuthWithRedirect | InvalidTokenAuthObject | ((({ id: string; subject: string; scopes: string[]; getToken: () => Promise<string>; has: CheckAuthorizationFromSessionClaims; debug: AuthObjectDebug; tokenType: "api_key"; isAuthenticated: true; } & ({ ...; } | { ...; })) | ... 4 more ... | ({ ...; } & { ...; })) &...'.
app/api/settings/social/connect/facebook/route.ts(7,39): error TS2769: No overload matches this call.
  The last overload gave the following error.
    Type 'Request' has no properties in common with type 'PendingSessionOptions'.
app/api/settings/social/connect/instagram/route.ts(7,17): error TS2339: Property 'userId' does not exist on type 'SessionAuthWithRedirect | InvalidTokenAuthObject | ((({ id: string; subject: string; scopes: string[]; getToken: () => Promise<string>; has: CheckAuthorizationFromSessionClaims; debug: AuthObjectDebug; tokenType: "api_key"; isAuthenticated: true; } & ({ ...; } | { ...; })) | ... 4 more ... | ({ ...; } & { ...; })) &...'.
app/api/settings/social/connect/instagram/route.ts(7,39): error TS2769: No overload matches this call.
  The last overload gave the following error.
    Type 'Request' has no properties in common with type 'PendingSessionOptions'.
app/api/settings/social/connect/linkedin/route.ts(7,17): error TS2339: Property 'userId' does not exist on type 'SessionAuthWithRedirect | InvalidTokenAuthObject | ((({ id: string; subject: string; scopes: string[]; getToken: () => Promise<string>; has: CheckAuthorizationFromSessionClaims; debug: AuthObjectDebug; tokenType: "api_key"; isAuthenticated: true; } & ({ ...; } | { ...; })) | ... 4 more ... | ({ ...; } & { ...; })) &...'.
app/api/settings/social/connect/linkedin/route.ts(7,39): error TS2769: No overload matches this call.
  The last overload gave the following error.
    Type 'Request' has no properties in common with type 'PendingSessionOptions'.
app/api/settings/social/connect/tiktok/route.ts(6,17): error TS2339: Property 'userId' does not exist on type 'SessionAuthWithRedirect | InvalidTokenAuthObject | ((({ id: string; subject: string; scopes: string[]; getToken: () => Promise<string>; has: CheckAuthorizationFromSessionClaims; debug: AuthObjectDebug; tokenType: "api_key"; isAuthenticated: true; } & ({ ...; } | { ...; })) | ... 4 more ... | ({ ...; } & { ...; })) &...'.
app/api/settings/social/connect/tiktok/route.ts(6,39): error TS2769: No overload matches this call.
  The last overload gave the following error.
    Type 'Request' has no properties in common with type 'PendingSessionOptions'.
app/api/settings/social/connect/youtube/route.ts(8,17): error TS2339: Property 'userId' does not exist on type 'SessionAuthWithRedirect | InvalidTokenAuthObject | ((({ id: string; subject: string; scopes: string[]; getToken: () => Promise<string>; has: CheckAuthorizationFromSessionClaims; debug: AuthObjectDebug; tokenType: "api_key"; isAuthenticated: true; } & ({ ...; } | { ...; })) | ... 4 more ... | ({ ...; } & { ...; })) &...'.
app/api/settings/social/connect/youtube/route.ts(8,39): error TS2769: No overload matches this call.
  The last overload gave the following error.
    Type 'Request' has no properties in common with type 'PendingSessionOptions'.
app/api/settings/social/integration/route.ts(7,17): error TS2339: Property 'userId' does not exist on type 'SessionAuthWithRedirect | InvalidTokenAuthObject | ((({ id: string; subject: string; scopes: string[]; getToken: () => Promise<string>; has: CheckAuthorizationFromSessionClaims; debug: AuthObjectDebug; tokenType: "api_key"; isAuthenticated: true; } & ({ ...; } | { ...; })) | ... 4 more ... | ({ ...; } & { ...; })) &...'.
app/api/settings/social/integration/route.ts(7,39): error TS2769: No overload matches this call.
  The last overload gave the following error.
    Type 'Request' has no properties in common with type 'PendingSessionOptions'.
app/api/settings/social/integration/route.ts(45,17): error TS2339: Property 'userId' does not exist on type 'SessionAuthWithRedirect | InvalidTokenAuthObject | ((({ id: string; subject: string; scopes: string[]; getToken: () => Promise<string>; has: CheckAuthorizationFromSessionClaims; debug: AuthObjectDebug; tokenType: "api_key"; isAuthenticated: true; } & ({ ...; } | { ...; })) | ... 4 more ... | ({ ...; } & { ...; })) &...'.
app/api/settings/social/integration/route.ts(45,39): error TS2769: No overload matches this call.
  The last overload gave the following error.
    Type 'Request' has no properties in common with type 'PendingSessionOptions'.
app/api/settings/social/integration/route.ts(69,17): error TS2339: Property 'userId' does not exist on type 'SessionAuthWithRedirect | InvalidTokenAuthObject | ((({ id: string; subject: string; scopes: string[]; getToken: () => Promise<string>; has: CheckAuthorizationFromSessionClaims; debug: AuthObjectDebug; tokenType: "api_key"; isAuthenticated: true; } & ({ ...; } | { ...; })) | ... 4 more ... | ({ ...; } & { ...; })) &...'.
app/api/settings/social/integration/route.ts(69,39): error TS2769: No overload matches this call.
  The last overload gave the following error.
    Type 'Request' has no properties in common with type 'PendingSessionOptions'.
app/api/settings/social/route.ts(7,17): error TS2339: Property 'userId' does not exist on type 'SessionAuthWithRedirect | InvalidTokenAuthObject | ((({ id: string; subject: string; scopes: string[]; getToken: () => Promise<string>; has: CheckAuthorizationFromSessionClaims; debug: AuthObjectDebug; tokenType: "api_key"; isAuthenticated: true; } & ({ ...; } | { ...; })) | ... 4 more ... | ({ ...; } & { ...; })) &...'.
app/api/settings/social/route.ts(7,39): error TS2769: No overload matches this call.
  The last overload gave the following error.
    Type 'Request' has no properties in common with type 'PendingSessionOptions'.
app/api/settings/social/route.ts(30,17): error TS2339: Property 'userId' does not exist on type 'SessionAuthWithRedirect | InvalidTokenAuthObject | ((({ id: string; subject: string; scopes: string[]; getToken: () => Promise<string>; has: CheckAuthorizationFromSessionClaims; debug: AuthObjectDebug; tokenType: "api_key"; isAuthenticated: true; } & ({ ...; } | { ...; })) | ... 4 more ... | ({ ...; } & { ...; })) &...'.
app/api/settings/social/route.ts(30,39): error TS2769: No overload matches this call.
  The last overload gave the following error.
    Type 'Request' has no properties in common with type 'PendingSessionOptions'.
app/api/settings/social/route.ts(62,17): error TS2339: Property 'userId' does not exist on type 'SessionAuthWithRedirect | InvalidTokenAuthObject | ((({ id: string; subject: string; scopes: string[]; getToken: () => Promise<string>; has: CheckAuthorizationFromSessionClaims; debug: AuthObjectDebug; tokenType: "api_key"; isAuthenticated: true; } & ({ ...; } | { ...; })) | ... 4 more ... | ({ ...; } & { ...; })) &...'.
app/api/settings/social/route.ts(62,39): error TS2769: No overload matches this call.
  The last overload gave the following error.
    Type 'Request' has no properties in common with type 'PendingSessionOptions'.
app/api/video/generate/route.ts(8,17): error TS2339: Property 'userId' does not exist on type 'SessionAuthWithRedirect | InvalidTokenAuthObject | ((({ id: string; subject: string; scopes: string[]; getToken: () => Promise<string>; has: CheckAuthorizationFromSessionClaims; debug: AuthObjectDebug; tokenType: "api_key"; isAuthenticated: true; } & ({ ...; } | { ...; })) | ... 4 more ... | ({ ...; } & { ...; })) &...'.
app/api/video/generate/route.ts(8,39): error TS2769: No overload matches this call.
  The last overload gave the following error.
    Type 'Request' has no properties in common with type 'PendingSessionOptions'.
app/api/videos/[videoId]/route.ts(67,17): error TS2339: Property 'userId' does not exist on type 'SessionAuthWithRedirect | InvalidTokenAuthObject | ((({ id: string; subject: string; scopes: string[]; getToken: () => Promise<string>; has: CheckAuthorizationFromSessionClaims; debug: AuthObjectDebug; tokenType: "api_key"; isAuthenticated: true; } & ({ ...; } | { ...; })) | ... 4 more ... | ({ ...; } & { ...; })) &...'.
app/api/videos/[videoId]/route.ts(67,39): error TS2769: No overload matches this call.
  The last overload gave the following error.
    Type 'Request' has no properties in common with type 'PendingSessionOptions'.
app/api/videos/route.ts(7,17): error TS2339: Property 'userId' does not exist on type 'SessionAuthWithRedirect | InvalidTokenAuthObject | ((({ id: string; subject: string; scopes: string[]; getToken: () => Promise<string>; has: CheckAuthorizationFromSessionClaims; debug: AuthObjectDebug; tokenType: "api_key"; isAuthenticated: true; } & ({ ...; } | { ...; })) | ... 4 more ... | ({ ...; } & { ...; })) &...'.
app/api/videos/route.ts(7,39): error TS2769: No overload matches this call.
  The last overload gave the following error.
    Type 'Request' has no properties in common with type 'PendingSessionOptions'.
